0000000000000115 A num_got_entries
ffffffff80200000 T _start
ffffffff80200400 t reset
ffffffff802006e4 T relocate_code
ffffffff80200740 t in_ram
ffffffff802007a0 t romReserved
ffffffff802007a4 t romExcHandle
ffffffff802007b0 T sbrk
ffffffff80200804 T filename_copy
ffffffff8020084c T trigger_hw_reset
ffffffff80200854 T config_usb_ehciohci
ffffffff8020088c T OperationSelect
ffffffff8020094c T rw_rf_reg
ffffffff80200a44 T do_rw_rf
ffffffff80200b88 T hang
ffffffff80200bb8 T tftp_config
ffffffff8020111c T board_init_f
ffffffff8020134c T board_init_r
ffffffff802021e0 T reset_timer
ffffffff802021f0 T get_timer
ffffffff802021fc T get_tbclk
ffffffff80202208 T timer_init
ffffffff8020221c T set_timer
ffffffff80202228 T get_ticks
ffffffff80202234 T udelay
ffffffff80202280 t __fswab16
ffffffff80202298 t __fswab32
ffffffff802022c0 t startAgainTimeout
ffffffff802022dc t startAgainHandler
ffffffff802022e4 T NetSetHandler
ffffffff802022fc T NetCksum
ffffffff80202334 T NetCksumOk
ffffffff80202374 T copy_filename
ffffffff802023c4 T string_to_VLAN
ffffffff80202438 T getenv_VLAN
ffffffff8020247c T string_to_ip
ffffffff80202548 T getenv_IPaddr
ffffffff80202584 T NetEthHdrSize
ffffffff802025e4 T VLAN_to_string
ffffffff80202678 T ip_to_string
ffffffff802026f0 T print_IPaddr
ffffffff80202740 T NetSetEther
ffffffff80202848 t NetCopyIP
ffffffff80202860 T NetSetIP
ffffffff802029d4 t NetWriteIP
ffffffff80202a10 t NetReadIP
ffffffff80202a50 T NetSendPacket
ffffffff80202a68 T ArpRequest
ffffffff80202bb8 T NetReceive
ffffffff80203390 T NetSendUDPPacket
ffffffff80203570 T NetSetTimeout
ffffffff802035d4 T NetStartAgain
ffffffff80203748 T ArpTimeoutCheck
ffffffff80203814 T NetLoop
ffffffff80203e50 t __fswab16
ffffffff80203e68 T TftpSend
ffffffff8020407c T TftpStart
ffffffff80204350 t TftpTimeout
ffffffff802043e0 t TftpHandler
ffffffff802047a0 T eth_get_dev
ffffffff802047b8 T eth_get_dev_index
ffffffff80204810 T eth_halt
ffffffff80204868 T eth_send
ffffffff8020489c T eth_rx
ffffffff802048cc T eth_get_name
ffffffff802048f8 T eth_set_current
ffffffff802049c8 T eth_init
ffffffff80204a78 T eth_set_enetaddr
ffffffff80204bcc T eth_register
ffffffff80204cc0 T eth_initialize
ffffffff80204f8c T eth_try_another
ffffffff80205070 T rt2880_free_buf_entry_dequeue
ffffffff802050a0 T LANWANPartition
ffffffff802050a8 T rt305x_esw_init
ffffffff802053e0 T isDMABusy
ffffffff80205440 t rt2880_free_buf_entry_enqueue
ffffffff802054c4 T rt2880_eth_initialize
ffffffff80205790 t rt2880_eth_send
ffffffff80205aa8 T STOP_ETH
ffffffff80205b0c T rt2880_eth_halt
ffffffff80205b24 T START_ETH
ffffffff80205bb0 t rt2880_eth_init
ffffffff80205f44 t rt2880_eth_recv
ffffffff802062ac T input_value
ffffffff80206340 T enable_mdio
ffffffff80206374 T mii_mgr_write
ffffffff80206514 T mii_mgr_read
ffffffff802066ac T rt2880_mdio_access
ffffffff80206aa0 t spic_busy_wait
ffffffff80206b0c t spic_transfer
ffffffff80206d18 t spic_write
ffffffff80206d54 t raspi_write_enable
ffffffff80206da0 t spic_read
ffffffff80206ddc t raspi_4byte_mode
ffffffff80206e58 t raspi_read_sr
ffffffff80206ed8 t raspi_unprotect
ffffffff80206fb0 T chip_prob
ffffffff80207100 t raspi_wait_ready
ffffffff802071e0 T raspi_write
ffffffff80207488 T raspi_read
ffffffff80207614 T raspi_erase
ffffffff802077f0 T spic_init
ffffffff802078dc T raspi_init
ffffffff80207934 T raspi_erase_write
ffffffff80207d30 T do_flerase
ffffffff80207f2c T do_mem_cp
ffffffff80208060 T run_command
ffffffff80208528 t delete_char
ffffffff80208684 T readline
ffffffff80208b44 T main_loop
ffffffff80208c60 T do_go
ffffffff80208d30 t __fswab32
ffffffff80208d58 T gunzip
ffffffff80208f3c t zfree
ffffffff80208f54 t zalloc
ffffffff80208f78 T print_image_hdr
ffffffff802093d0 T do_bootm
ffffffff80209a50 T ktrans
ffffffff80209a94 T chk1
ffffffff80209ac0 t bin_data_init
ffffffff80209af0 t bin_data_char
ffffffff80209b38 T k_data_init
ffffffff80209b58 T k_data_save
ffffffff80209ba8 T k_data_restore
ffffffff80209bf8 T k_data_char
ffffffff80209c8c T send_pad
ffffffff80209ce8 T s1_sendpacket
ffffffff80209d48 T handle_send_packet
ffffffff80209fb0 T send_nack
ffffffff8020a03c T send_ack
ffffffff8020a0c8 T do_load_serial_bin
ffffffff8020a810 T do_tftpb
ffffffff8020ac50 t envmatch
ffffffff8020ad04 T do_saveenv
ffffffff8020ad58 T getenv
ffffffff8020ae40 T _do_setenv
ffffffff8020b64c T do_setenv
ffffffff8020b6b4 T setenv
ffffffff8020b708 T do_printenv
ffffffff8020b980 T find_cmd
ffffffff8020ba84 T do_help
ffffffff8020bcf0 T do_version
ffffffff8020bd30 t console_setfile
ffffffff8020be10 T fgetc
ffffffff8020be48 T ftstc
ffffffff8020be80 T fputc
ffffffff8020beb8 T fputs
ffffffff8020bef0 T disable_ctrlc
ffffffff8020bf0c T had_ctrlc
ffffffff8020bf24 T clear_ctrlc
ffffffff8020bf3c T dbg
ffffffff8020bf4c T console_init_f
ffffffff8020bf5c T console_assign
ffffffff8020c07c T console_init_r
ffffffff8020c1e4 T fprintf
ffffffff8020c258 T puts
ffffffff8020c28c T vprintf
ffffffff8020c2e4 T printf
ffffffff8020c350 T serial_printf
ffffffff8020c3bc T putc
ffffffff8020c3f0 T tstc
ffffffff8020c420 T getc
ffffffff8020c450 T kaiker_button_p
ffffffff8020c500 T ctrlc
ffffffff8020c590 T devices_done
ffffffff8020c5cc T device_register
ffffffff8020c610 T devices_init
ffffffff8020c720 T malloc_bin_reloc
ffffffff8020c768 t do_check_inuse_chunk
ffffffff8020c770 t do_check_malloced_chunk
ffffffff8020c778 T malloc_usable_size
ffffffff8020c7d0 T mallopt
ffffffff8020c84c T malloc_trim
ffffffff8020c96c T free
ffffffff8020cc0c T cfree
ffffffff8020cc24 T malloc
ffffffff8020d374 T memalign
ffffffff8020d4fc T pvalloc
ffffffff8020d520 T valloc
ffffffff8020d53c T calloc
ffffffff8020d648 T realloc
ffffffff8020db80 T env_get_char_memory
ffffffff8020dbb8 T env_get_addr
ffffffff8020dbe8 t env_get_char_init
ffffffff8020dc34 T env_crc_update
ffffffff8020dc84 T env_relocate
ffffffff8020dd70 t dummy
ffffffff8020dd78 T get_version
ffffffff8020dd80 T jumptable_init
ffffffff8020de30 T GetHandleSize
ffffffff8020de38 T ListSetAllocationPolicy
ffffffff8020de4c T ListGetPtrToItem
ffffffff8020de8c T ListGetDataPtr
ffffffff8020de98 T ListGetItemSize
ffffffff8020dea4 T ListNumItems
ffffffff8020deb0 T ListGetItems
ffffffff8020df08 T SetHandleSize
ffffffff8020dfc4 T ListInsertItems
ffffffff8020e214 T ListInsertItem
ffffffff8020e22c T DisposeHandle
ffffffff8020e288 T ListDispose
ffffffff8020e2a0 T NewHandle
ffffffff8020e34c T ListCreate
ffffffff8020e3d0 T env_get_char_spec
ffffffff8020e3e0 T env_init
ffffffff8020e404 T env_relocate_spec
ffffffff8020e428 T saveenv
ffffffff8020e550 T spi_env_init
ffffffff8020e620 T do_mem_mw
ffffffff8020e628 T cmd_get_data_size
ffffffff8020e6e8 t mod_mem
ffffffff8020e924 T do_mem_nm
ffffffff8020e96c T do_mem_mm
ffffffff8020e9b4 T do_mem_md
ffffffff8020ec70 T crc32
ffffffff8020ede0 T print_size
ffffffff8020eed0 T display_options
ffffffff8020ef10 T strcat
ffffffff8020ef40 T strncat
ffffffff8020ef90 T strchr
ffffffff8020efc8 T strlen
ffffffff8020efe4 T strrchr
ffffffff8020f05c T strnlen
ffffffff8020f088 T strspn
ffffffff8020f0c8 T strpbrk
ffffffff8020f100 T strtok
ffffffff8020f1c0 T strsep
ffffffff8020f224 T strswab
ffffffff8020f26c T memset
ffffffff8020f294 T memcpy
ffffffff8020f2c4 T memmove
ffffffff8020f334 T memcmp
ffffffff8020f368 T strstr
ffffffff8020f420 T memchr
ffffffff8020f454 T strdup
ffffffff8020f4d8 T strnicmp
ffffffff8020f570 T simple_strtoul
ffffffff8020f654 T simple_strtol
ffffffff8020f6a4 t skip_atoi
ffffffff8020f6e8 t number
ffffffff8020f92c T vsprintf
ffffffff8020fdb4 T sprintf
ffffffff8020fe00 t falloc
ffffffff8020fe30 t ffree
ffffffff8020fe38 t inflate_trees_free
ffffffff8020fe98 t huft_build
ffffffff802104b4 t inflate_codes_new
ffffffff80210530 t inflate_codes_free
ffffffff80210548 t inflate_blocks_reset
ffffffff80210678 T inflateEnd
ffffffff80210740 T inflateReset
ffffffff802107b8 T inflateSync
ffffffff802108f8 T inflateInit2
ffffffff80210aa8 T inflateInit
ffffffff80210ac0 T adler32
ffffffff80210c48 t inflate_flush
ffffffff80210e08 T inflateIncomp
ffffffff80210f8c T inflate
ffffffff80212df0 T RangeDecoderReadByte
ffffffff80212e24 T RangeDecoderInit
ffffffff80212eb4 T RangeDecoderDecodeDirectBits
ffffffff80212f78 T RangeDecoderBitDecode
ffffffff8021309c T RangeDecoderBitTreeDecode
ffffffff80213130 T RangeDecoderReverseBitTreeDecode
ffffffff802131d8 T LzmaLiteralDecode
ffffffff80213248 T LzmaLiteralDecodeMatch
ffffffff8021332c T LzmaLenDecode
ffffffff8021340c T LzmaDecode
ffffffff802138cc T lzmaBuffToBuffDecompress
ffffffff80213ac0 T get_ram_size
ffffffff80213bf0 T initdram
ffffffff80213c10 T checkboard
ffffffff80213c50 T serial_setbrg
ffffffff80213cfc T serial_init
ffffffff80213d34 T serial_putc
ffffffff80213d78 T serial_tstc
ffffffff80213d8c T serial_getc
ffffffff80213db0 T serial_puts
ffffffff80213e10 T do_reset
ffffffff80213e28 T flush_cache
ffffffff80213e30 t __fswab32
ffffffff80213e58 t linux_env_set
ffffffff80213f80 T do_bootm_linux
ffffffff80214660 T GregorianDay
ffffffff802147dc T to_tm
ffffffff80214918 T mktime
ffffffff80214a14 R version_string
ffffffff80214a90 r C.25.2637
ffffffff80214aa0 r __func__.2515
ffffffff80214ab0 r __func__.2478
ffffffff80214ac0 r __func__.2358
ffffffff80214ad0 r __func__.2486
ffffffff80214ae0 r __func__.2685
ffffffff80214af4 r __func__.2646
ffffffff80214b00 r __func__.2529
ffffffff80214b14 r __func__.2502
ffffffff80214b28 r __func__.2620
ffffffff80214b34 r __func__.2603
ffffffff80214b40 r __func__.2469
ffffffff80214c10 r baudrate_table
ffffffff80214c30 r crc_table
ffffffff802150a4 r border
ffffffff802150f0 r inflate_mask
ffffffff80215140 r C.20.2335
ffffffff80218200 D NetBcastAddr
ffffffff80218206 D NetOurVLAN
ffffffff80218208 D NetOurNativeVLAN
ffffffff80218210 d history_last_idx
ffffffff80218214 d history_cur_idx
ffffffff80218218 d erase_seq
ffffffff8021821c d tab_seq
ffffffff80218230 D load_addr
ffffffff80218240 d trim_threshold
ffffffff80218244 d mmap_threshold
ffffffff80218248 d sbrk_base
ffffffff80218250 D default_environment
ffffffff80218510 D dp_last_length
ffffffff80218520 d cplens
ffffffff8021859c d cplext
ffffffff80218618 d cpdist
ffffffff80218690 d cpdext
ffffffff80218708 d fixed_left
ffffffff80218710 D _ctype
ffffffff80218810 d month_days
ffffffff80218840 d chips_data
ffffffff80218a08 D stdio_names
ffffffff80218a14 d av_
ffffffff80218e1c D env_get_char
ffffffff80218e20 D env_name_spec
ffffffff80218e24 D zlib_version
ffffffff80218e28 D z_errmsg
ffffffff80218e50 A _gp
ffffffff80218e50 D _GLOBAL_OFFSET_TABLE_
ffffffff80218e50 D __got_start
ffffffff802192a4 A __u_boot_cmd_start
ffffffff802192a4 D __got_end
ffffffff802192a4 D __u_boot_cmd_rf
ffffffff802192bc D __u_boot_cmd_mdio
ffffffff802192d4 D __u_boot_cmd_cp
ffffffff802192ec D __u_boot_cmd_erase
ffffffff80219304 D __u_boot_cmd_go
ffffffff8021931c D __u_boot_cmd_reset
ffffffff80219334 D __u_boot_cmd_bootm
ffffffff8021934c D __u_boot_cmd_loadb
ffffffff80219364 D __u_boot_cmd_tftpboot
ffffffff8021937c D __u_boot_cmd_printenv
ffffffff80219394 D __u_boot_cmd_setenv
ffffffff802193ac D __u_boot_cmd_saveenv
ffffffff802193c4 D __u_boot_cmd_version
ffffffff802193dc D __u_boot_cmd_help
ffffffff802193f4 D __u_boot_cmd_question_mark
ffffffff8021940c D __u_boot_cmd_md
ffffffff80219424 D __u_boot_cmd_mm
ffffffff8021943c D __u_boot_cmd_nm
ffffffff80219454 D __u_boot_cmd_mw
ffffffff8021946c A __u_boot_cmd_end
ffffffff8021946c A uboot_end_data
ffffffff80219480 B modifies
ffffffff80219484 b mem_malloc_start
ffffffff80219488 b mem_malloc_end
ffffffff8021948c b mem_malloc_brk
ffffffff80219490 b file_name_space
ffffffff80219510 B NetOurSubnetMask
ffffffff80219514 B NetOurGatewayIP
ffffffff80219518 B NetOurDNSIP
ffffffff8021951c B NetOurNISDomain
ffffffff8021953c B NetOurHostName
ffffffff8021955c B NetOurRootPath
ffffffff8021959c B NetBootFileSize
ffffffff802195a0 B NetServerEther
ffffffff802195a8 B NetEtherNullAddr
ffffffff802195b0 B NetRestartWrap
ffffffff802195b4 B NetTxPacket
ffffffff802195b8 b NetRestarted
ffffffff802195bc b NetDevExists
ffffffff802195c0 b packetHandler
ffffffff802195c4 b timeHandler
ffffffff802195c8 b timeStart
ffffffff802195cc b timeDelta
ffffffff802195d0 b TftpServerPort
ffffffff802195d4 b TftpOurPort
ffffffff802195d8 b TftpTimeoutCount
ffffffff802195dc b TftpBlock
ffffffff802195e0 b TftpLastBlock
ffffffff802195e4 b TftpBlockWrap
ffffffff802195e8 b TftpBlockWrapOffset
ffffffff802195ec b TftpState
ffffffff802195f0 b default_filename
ffffffff80219600 b tftp_filename
ffffffff80219610 b first_failed.2744
ffffffff80219614 b eth_devices
ffffffff80219618 b eth_current
ffffffff8021961c b rt2880_gmac1_mac
ffffffff80219640 b rt2880_free_buf
ffffffff80219910 b is_internal_loopback_test
ffffffff80219920 b tx_ring0_cache
ffffffff80219a60 b rx_ring_cache
ffffffff80219ba0 b rx_dma_owner_idx0
ffffffff80219ba4 b rx_wants_alloc_idx0
ffffffff80219ba8 b tx_cpu_owner_idx0
ffffffff80219bac b tx_cpu_owner_idx1
ffffffff80219bb0 b rx_ring
ffffffff80219bb4 b tx_ring0
ffffffff80219bb8 b rxRingSize
ffffffff80219bb9 b txRingSize
ffffffff80219bbc b rt2880_eth_initd
ffffffff80219bc0 b eth_loopback_mode
ffffffff80219bc4 b loopback_protect
ffffffff80219bc8 b force_queue_n
ffffffff80219bcc b sdp0_alig_16n_x
ffffffff80219bd0 b sdp1_alig_16n_x
ffffffff80219bd4 b internal_loopback_test
ffffffff80219bd8 b rt2880_esram_gear
ffffffff80219bdc b rt2880_size_of_mem
ffffffff80219be0 b header_payload_scatter_en
ffffffff80219be4 b rt2880_hdrlen
ffffffff80219be8 b rt2880_buf_in_esram_en
ffffffff80219bec b rt2880_desc_in_esram
ffffffff80219bf0 b rt2880_sdp0_buf_in_esram_en
ffffffff80219bf4 b rt2880_debug_en
ffffffff80219bf8 b PKT_HEADER_Buf_Pool
ffffffff80230440 b spi_wait_nsec
ffffffff80230450 b history_counter
ffffffff80230454 b history_enable
ffffffff80230458 b lastcommand.2390
ffffffff80230560 b a_b
ffffffff80230578 b os_data_state
ffffffff8023057c b os_data_state_saved
ffffffff80230580 b os_data_count_saved
ffffffff80230584 b os_data_addr
ffffffff80230588 b os_data_addr_saved
ffffffff8023058c b bin_start_address
ffffffff80230590 b k_data_escape
ffffffff80230594 b k_data_escape_saved
ffffffff802305a0 b ctrlc_was_pressed
ffffffff802305a4 b ctrlc_disabled
ffffffff802305b0 B devlist
ffffffff802305b4 B stdio_devices
ffffffff802305c0 b top_pad
ffffffff802305c4 b n_mmaps_max
ffffffff802305c8 b current_mallinfo
ffffffff802305f0 b max_sbrked_mem
ffffffff802305f4 b max_total_mem
ffffffff80230600 b fixed_lock
ffffffff80230604 b fixed_built
ffffffff80230608 b fixed_mem
ffffffff80231698 b fixed_bl
ffffffff8023169c b fixed_bd
ffffffff802316a0 b fixed_tl
ffffffff802316a4 b fixed_td
ffffffff802316b0 b linux_argc
ffffffff802316b4 b linux_argv
ffffffff802316b8 b linux_env
ffffffff802316bc b linux_env_p
ffffffff802316c0 b linux_env_idx
ffffffff802316d0 B gd_data
ffffffff802316f4 B Pkt_Buf_Pool
ffffffff80248b34 B NetRxPackets
ffffffff80248c24 B BootFile
ffffffff80248ca4 B NetArpWaitPacketBuf
ffffffff802492e4 B console_buffer
ffffffff802493e4 B console_history
ffffffff80249de4 B header
ffffffff80249e24 B os_data_header
ffffffff80249e44 B send_parms
ffffffff80249e58 A uboot_end
ffffffff80249e58 C monitor_flash_len
ffffffff80249e5c C mips_bus_feq
ffffffff80249e60 C mips_cpu_feq
ffffffff80249e64 C NetArpWaitTry
ffffffff80249e68 C NetArpWaitPacketMAC
ffffffff80249e6c C NetOurEther
ffffffff80249e74 C NetOurIP
ffffffff80249e78 C NetServerIP
ffffffff80249e7c C NetArpWaitTxPacketSize
ffffffff80249e80 C NetArpWaitReplyIP
ffffffff80249e84 C NetArpWaitTxPacket
ffffffff80249e88 C NetArpWaitPacketIP
ffffffff80249e8c C NetState
ffffffff80249e90 C NetIPID
ffffffff80249e94 C NetRxPkt
ffffffff80249e98 C NetRxPktLen
ffffffff80249e9c C NetBootFileXferSize
ffffffff80249ea0 C PktBuf
ffffffff80249ea4 C NetArpWaitTimerStart
ffffffff80249ea8 C TftpStarted
ffffffff80249eac C rt2880_free_buf_list
ffffffff80249eb4 C PKT_HEADER_Buf
ffffffff80249eb8 C rt2880_pdev
ffffffff80249ebc C rt2880_busing_buf_list
ffffffff80249ec4 C spi_chip_info
ffffffff80249ec8 C his_pad_char
ffffffff80249ecc C os_data_count
ffffffff80249ed0 C os_data_init
ffffffff80249ed4 C send_ptr
ffffffff80249ed8 C os_data_char
ffffffff80249edc C his_eol
ffffffff80249edd C his_quote
ffffffff80249ee0 C his_pad_count
ffffffff80249ee4 C env_ptr
ffffffff80249ee8 C dp_last_size
ffffffff80249eec C dp_last_addr
ffffffff80249ef0 C mm_last_size
ffffffff80249ef4 C mm_last_addr
ffffffff80249ef8 C ___strtok
