00000107 A num_got_entries
bc000000 T _start
bc000400 t reset
bc000674 t CPLL_DONE
bc0006c4 t DDR_READY
bc000864 t SDRAM_INIT_DOWN
bc00086c t tRFCinit
bc000964 T relocate_code
bc0009c0 t in_ram
bc000a20 t romReserved
bc000a24 t romExcHandle
bc000a28 T init_cpu_pll
bc000b80 t CPLL_EXIT
bc000b88 T SDR_CFG0_TBL
bc000ba8 T SDR_CFG1_TBL
bc000bc8 T DDR1_CFG0_TBL
bc000bf0 T DDR1_CFG1_TBL
bc000c18 t DDR1_CFG2_TBL
bc000c40 t DDR1_CFG3_TBL
bc000c68 t DDR1_CFG4_TBL
bc000c90 T DDR2_CFG0_TBL
bc000cb0 T DDR2_CFG1_TBL
bc000cd0 t DDR2_CFG2_TBL
bc000cf0 t DDR2_CFG3_TBL
bc000d10 t DDR2_CFG4_TBL
bc000d30 T sbrk
bc000d80 T board_init_f
bc001040 T OperationSelect
bc001100 T tftp_config
bc0015d4 T trigger_hw_reset
bc0015dc T rw_rf_reg
bc0016cc T config_usb_ehciohci
bc001704 T board_init_r
bc002648 T hang
bc002678 T do_rw_rf
bc0027c0 t mips_count_get
bc0027c8 T timer_init
bc0027dc T get_timer
bc002820 T udelay
bc0028b0 T NetSetEther
bc002930 T ArpRequest
bc002a9c t startAgainTimeout
bc002ab8 t startAgainHandler
bc002ac0 T NetSetTimeout
bc002b24 T NetSetHandler
bc002b3c T NetStartAgain
bc002c30 T ArpTimeoutCheck
bc002d00 T NetSendPacket
bc002d18 T NetCksum
bc002d60 T NetSetIP
bc002ed4 T NetSendUDPPacket
bc0030a0 T NetCksumOk
bc0030e0 T NetReceive
bc0036dc T NetEthHdrSize
bc0036e4 T copy_filename
bc003758 T ip_to_string
bc0037d8 T string_to_ip
bc00389c T getenv_IPaddr
bc0038d8 T NetLoop
bc003d84 T print_IPaddr
bc003dd0 T TftpSend
bc003ff0 t TftpHandler
bc0043a0 t TftpTimeout
bc004434 T TftpStart
bc0046e0 T eth_parse_enetaddr
bc004780 T eth_register
bc0047ec T eth_initialize
bc004a2c T eth_try_another
bc004a64 T eth_init
bc004b14 T eth_halt
bc004b6c T eth_send
bc004ba4 T eth_rx
bc004be0 T START_ETH
bc004c40 T STOP_ETH
bc004ca8 T rt2880_free_buf_entry_dequeue
bc004cdc t rt2880_free_buf_entry_enqueue
bc004d5c T rt2880_eth_initialize
bc004fac T IsSwitchVlanTableBusy
bc005028 T LANWANPartition
bc005030 T isDMABusy
bc0050a0 t rt2880_eth_init
bc005408 T rt_gsw_init
bc0058f8 t rt2880_eth_send
bc005abc t rt2880_eth_recv
bc005ccc T rt2880_eth_halt
bc005ce4 t delete_char
bc005e3c T readline
bc006120 T input_value
bc0061b0 T enable_mdio
bc0061e4 T mii_mgr_read
bc006384 T mii_mgr_write
bc00650c T dump_phy_reg
bc0066c8 T rt2880_mdio_access
bc006d00 T spic_init
bc006e0c t raspi_cmd
bc007050 t raspi_read_sr
bc0070e0 t raspi_write_sr
bc007174 t raspi_wait_ready
bc007258 t raspi_4byte_mode
bc007470 T chip_prob
bc0075e4 T raspi_init
bc00763c T raspi_erase
bc0078ac T raspi_read
bc0079f4 T raspi_write
bc007d58 T raspi_erase_write
bc008178 T do_mem_cp
bc0082a4 T do_flerase
bc0085a0 T run_command
bc008aa4 T main_loop
bc008bb0 T do_go
bc008c90 T print_image_hdr
bc009044 t zalloc
bc009068 t zfree
bc009080 T gunzip
bc009264 T do_bootm
bc009900 T send_pad
bc009958 T ktrans
bc009994 T chk1
bc0099cc T s1_sendpacket
bc009a2c T send_ack
bc009ab8 T send_nack
bc009b44 t bin_data_init
bc009b74 t bin_data_char
bc009bc0 T k_data_init
bc009be0 T k_data_save
bc009c30 T k_data_restore
bc009c80 T k_data_char
bc009d24 T handle_send_packet
bc009f84 T do_load_serial_bin
bc00a5d0 T do_tftpb
bc00aa00 T cmd_get_data_size
bc00aab8 T do_mem_md
bc00ad88 T do_mem_base
bc00adf4 T do_mem_loop
bc00af7c t mod_mem
bc00b188 T do_mem_nm
bc00b1d0 T do_mem_mm
bc00b220 t envmatch
bc00b2c4 T do_printenv
bc00b534 T _do_setenv
bc00bc24 T setenv
bc00bc78 T do_setenv
bc00bcec T getenv
bc00bdc4 T do_saveenv
bc00be20 T do_version
bc00be60 T find_cmd
bc00bf80 T do_help
bc00c210 t console_setfile
bc00c2f8 T serial_printf
bc00c350 T fgetc
bc00c388 T ftstc
bc00c3c0 T fputc
bc00c404 T fputs
bc00c444 T fprintf
bc00c4a4 T getc
bc00c4e4 T tstc
bc00c524 T putc
bc00c56c T puts
bc00c5ac T printf
bc00c604 T vprintf
bc00c650 T ctrlc
bc00c6d4 T disable_ctrlc
bc00c6f0 T had_ctrlc
bc00c708 T clear_ctrlc
bc00c720 T dbg
bc00c730 T console_assign
bc00c84c T console_init_f
bc00c85c T console_init_r
bc00c9d0 T device_register
bc00ca14 T devices_init
bc00cb10 T devices_done
bc00cb50 T malloc_bin_reloc
bc00cb90 t do_check_chunk
bc00cb98 t do_check_free_chunk
bc00cba0 t do_check_inuse_chunk
bc00cba8 t do_check_malloced_chunk
bc00cbb0 T malloc_trim
bc00ccd8 T free
bc00cf4c T malloc
bc00d698 T realloc
bc00dc0c T memalign
bc00dda4 T valloc
bc00ddc0 T pvalloc
bc00dde4 T calloc
bc00def8 T cfree
bc00df10 T malloc_usable_size
bc00df68 T mallopt
bc00e000 T env_crc_update
bc00e050 t env_get_char_init
bc00e09c T env_get_char_memory
bc00e0d0 T env_get_addr
bc00e100 T env_relocate
bc00e1f0 t dummy
bc00e1f8 T get_version
bc00e200 T jumptable_init
bc00e2a0 T NewHandle
bc00e34c T DisposeHandle
bc00e3a8 T GetHandleSize
bc00e3b0 T SetHandleSize
bc00e478 T ListCreate
bc00e4e8 T ListDispose
bc00e500 T ListInsertItems
bc00e74c T ListInsertItem
bc00e764 T ListGetPtrToItem
bc00e7a4 T ListNumItems
bc00e7b0 T env_get_char_spec
bc00e7c0 T env_init
bc00e7e4 T spi_env_init
bc00e8b0 T saveenv
bc00ea0c T env_relocate_spec
bc00ea40 T crc32
bc00ec60 T display_options
bc00eca0 T print_size
bc00edb0 T strchr
bc00edec T strlen
bc00ee10 T strrchr
bc00ee88 T strnlen
bc00eec4 T memset
bc00eef0 T memcpy
bc00ef20 T memmove
bc00ef9c T memcmp
bc00efd0 T simple_strtoul
bc00f0c4 T simple_strtol
bc00f114 t skip_atoi
bc00f174 t number
bc00f3e8 T vsprintf
bc00f944 T sprintf
bc00f980 t inflate_codes_free
bc00f998 t inflate_trees_free
bc00f9fc t inflate_blocks_reset
bc00fb2c T inflateEnd
bc00fbf8 T inflateReset
bc00fc6c T inflateSync
bc00fdac T inflateInit2
bc00ff54 T inflateInit
bc00ff6c t inflate_codes_new
bc00ffe8 T inflateIncomp
bc010174 t inflate_flush
bc010330 t huft_build
bc010898 t falloc
bc0108c8 t ffree
bc0108d0 T inflate
bc0126f8 T adler32
bc0128c0 T RangeDecoderReadByte
bc0128f4 T RangeDecoderInit
bc01297c T RangeDecoderDecodeDirectBits
bc012a38 T RangeDecoderBitDecode
bc012b4c T RangeDecoderBitTreeDecode
bc012be0 T RangeDecoderReverseBitTreeDecode
bc012c84 T LzmaLiteralDecode
bc012cf4 T LzmaLiteralDecodeMatch
bc012dcc T LzmaLenDecode
bc012eb8 T LzmaDecode
bc01332c T lzmaBuffToBuffDecompress
bc013540 T get_ram_size
bc013674 T initdram
bc0136b0 T checkboard
bc0136f0 T serial_setbrg
bc013780 T serial_init
bc0137b8 T serial_putc
bc01380c T serial_tstc
bc013820 T serial_getc
bc013844 T serial_puts
bc0138a0 T do_reset
bc0138b8 T flush_cache
bc0138c0 t linux_env_set
bc0139e8 T do_bootm_linux
bc0141d0 R version_string
bc014270 r __func__.2
bc014280 r __func__.1
bc014290 r __func__.3
bc0142a0 r __func__.6
bc0142b4 r __func__.7
bc0142c8 r __func__.10
bc0142dc r __func__.9
bc0142e8 r __func__.0
bc0142f8 r __func__.8
bc014304 r __func__.5
bc014310 r __func__.4
bc0143f0 r baudrate_table
bc014410 r p.0
bc0173c0 D NetBcastAddr
bc0173d0 d tab_seq
bc0173dc d erase_seq
bc0173e0 D load_addr
bc0173f0 D dp_last_length
bc017400 d mmap_threshold
bc017404 d trim_threshold
bc017408 d sbrk_base
bc017410 D default_environment
bc017480 d flash_addr
bc017490 d crc_table_empty
bc0174a0 d inflate_mask
bc0174e4 d border
bc017530 d cpdext
bc0175a8 d cpdist
bc017620 d cplext
bc01769c d cplens
bc017718 d fixed_left
bc017720 D _ctype
bc017820 d chips_data
bc017a30 D stdio_names
bc017a3c d av_
bc017e44 D env_get_char
bc017e48 D env_name_spec
bc017e4c D z_errmsg
bc017e6c D zlib_version
bc017e70 A _gp
bc017e70 D _GLOBAL_OFFSET_TABLE_
bc017e70 D __got_start
bc01828c A __u_boot_cmd_start
bc01828c D __got_end
bc01828c D __u_boot_cmd_rf
bc0182a4 D __u_boot_cmd_mdio
bc0182bc D __u_boot_cmd_erase
bc0182d4 D __u_boot_cmd_cp
bc0182ec D __u_boot_cmd_reset
bc018304 D __u_boot_cmd_go
bc01831c D __u_boot_cmd_bootm
bc018334 D __u_boot_cmd_loadb
bc01834c D __u_boot_cmd_tftpboot
bc018364 D __u_boot_cmd_nm
bc01837c D __u_boot_cmd_mm
bc018394 D __u_boot_cmd_md
bc0183ac D __u_boot_cmd_saveenv
bc0183c4 D __u_boot_cmd_setenv
bc0183dc D __u_boot_cmd_printenv
bc0183f4 D __u_boot_cmd_question_mark
bc01840c D __u_boot_cmd_help
bc018424 D __u_boot_cmd_version
bc01843c A __u_boot_cmd_end
bc01843c A uboot_end_data
bc018440 B modifies
bc018444 b mem_malloc_start
bc018448 b mem_malloc_end
bc01844c b mem_malloc_brk
bc018450 b file_name_space
bc0184d0 B NetTxPacket
bc0184d4 B NetEtherNullAddr
bc0184dc B NetServerEther
bc0184e2 B NetBootFileSize
bc0184e4 B NetOurRootPath
bc018524 B NetOurHostName
bc018544 B NetOurNISDomain
bc018564 B NetOurDNSIP
bc018568 B NetOurGatewayIP
bc01856c B NetOurSubnetMask
bc018570 b packetHandler
bc018574 b timeHandler
bc018578 b timeStart
bc01857c b timeDelta
bc018580 b TftpServerPort
bc018584 b TftpOurPort
bc018588 b TftpTimeoutCount
bc01858c b TftpBlock
bc018590 b TftpLastBlock
bc018594 b TftpBlockWrap
bc018598 b TftpBlockWrapOffset
bc01859c b TftpState
bc0185a0 b default_filename
bc0185b0 b tftp_filename
bc0185c0 b first_failed.0
bc0185c4 b eth_devices
bc0185c8 b eth_current
bc0185e0 b rt2880_free_buf
bc0188c0 b tx_ring0_cache
bc018a40 b rx_ring_cache
bc018bc0 b rx_dma_owner_idx0
bc018bc4 b rx_wants_alloc_idx0
bc018bc8 b tx_cpu_owner_idx0
bc018bcc b rx_ring
bc018bd0 b tx_ring0
bc018bd4 b rxRingSize
bc018bd5 b txRingSize
bc018bd8 b rt2880_eth_initd
bc018bdc b PKT_HEADER_Buf_Pool
bc02f420 B spi_chip_info
bc02f424 b spi_wait_nsec
bc02f430 b lastcommand.0
bc02f530 b a_b
bc02f548 b os_data_state
bc02f54c b os_data_state_saved
bc02f550 b os_data_count_saved
bc02f554 b os_data_addr
bc02f558 b os_data_addr_saved
bc02f55c b bin_start_address
bc02f560 b k_data_escape
bc02f564 b k_data_escape_saved
bc02f570 b base_address
bc02f580 b ctrlc_was_pressed
bc02f584 b ctrlc_disabled
bc02f590 B stdio_devices
bc02f59c B devlist
bc02f5a0 b n_mmaps_max
bc02f5a4 b top_pad
bc02f5a8 b current_mallinfo
bc02f5d0 b max_total_mem
bc02f5d4 b mmapped_mem
bc02f5d8 b max_sbrked_mem
bc02f5e0 b crc_table
bc02f9e0 b fixed_built
bc02f9e4 b fixed_lock
bc02f9e8 b fixed_mem
bc030a78 b fixed_bl
bc030a7c b fixed_bd
bc030a80 b fixed_tl
bc030a84 b fixed_td
bc030a90 b linux_argc
bc030a94 b linux_argv
bc030a98 b linux_env
bc030a9c b linux_env_p
bc030aa0 b linux_env_idx
bc030ab0 B gd_data
bc030ad4 B Pkt_Buf_Pool
bc047f14 B NetRxPackets
bc048004 B BootFile
bc048084 B NetArpWaitPacketBuf
bc0486c4 B console_buffer
bc0487c4 B console_history
bc0491c4 B header
bc049204 B os_data_header
bc049224 B send_parms
bc049238 A uboot_end
bc049238 C monitor_flash_len
bc04923c C mips_bus_feq
bc049240 C mips_cpu_feq
bc049244 C NetArpWaitTry
bc049248 C NetArpWaitPacketMAC
bc04924c C NetOurEther
bc049254 C NetOurIP
bc049258 C NetServerIP
bc04925c C NetArpWaitTxPacketSize
bc049260 C NetArpWaitReplyIP
bc049264 C NetArpWaitTxPacket
bc049268 C NetArpWaitPacketIP
bc04926c C NetState
bc049270 C NetIPID
bc049274 C NetRxPkt
bc049278 C NetRxPktLen
bc04927c C NetBootFileXferSize
bc049280 C PktBuf
bc049284 C NetArpWaitTimerStart
bc049288 C TftpStarted
bc04928c C rt2880_free_buf_list
bc049294 C PKT_HEADER_Buf
bc049298 C rt2880_pdev
bc04929c C rt2880_busing_buf_list
bc0492a4 C his_pad_char
bc0492a8 C os_data_count
bc0492ac C os_data_init
bc0492b0 C send_ptr
bc0492b4 C os_data_char
bc0492b8 C his_eol
bc0492b9 C his_quote
bc0492bc C his_pad_count
bc0492c0 C dp_last_size
bc0492c4 C dp_last_addr
bc0492c8 C mm_last_size
bc0492cc C mm_last_addr
bc0492d0 C env_ptr
bc0492d4 C ___strtok
